   Compiling proc-macro2 v1.0.107
   Compiling unicode-ident v1.0.26
   Compiling quote v1.0.47
    Checking windows-link v0.2.1
   Compiling libm v0.2.16
   Compiling autocfg v1.5.1
    Checking smallvec v1.16.1
    Checking foldhash v0.2.0
   Compiling cfg_aliases v0.2.2
    Checking cfg-if v1.0.5
    Checking bitflags v2.13.2
   Compiling thiserror v2.0.20
    Checking equivalent v1.0.2
    Checking log v0.4.34
    Checking stable_deref_trait v1.2.1
    Checking arrayvec v0.7.8
    Checking hashbrown v0.17.1
    Checking windows-strings v0.5.1
   Compiling num-traits v0.2.19
    Checking windows-result v0.4.1
   Compiling zerocopy v0.8.57
    Checking once_cell v1.21.4
    Checking windows-threading v0.2.1
   Compiling parking_lot_core v0.9.12
   Compiling khronos_api v3.1.0
    Checking allocator-api2 v0.2.21
    Checking scopeguard v1.2.0
    Checking raw-window-handle v0.6.2
    Checking static_assertions v1.1.0
    Checking lock_api v0.4.14
    Checking indexmap v2.14.2
    Checking litemap v0.8.3
    Checking hashbrown v0.16.1
    Checking writeable v0.6.4
   Compiling xml-rs v0.8.29
    Checking rustc-hash v1.1.0
    Checking parking_lot v0.12.5
   Compiling syn v3.0.6
   Compiling syn v2.0.119
    Checking polycool v0.4.0
   Compiling naga v30.0.1
    Checking libloading v0.8.9
   Compiling icu_normalizer_data v2.3.0
    Checking bit-vec v0.9.1
   Compiling gl_generator v0.14.0
   Compiling libc v0.2.189
   Compiling windows_x86_64_msvc v0.52.6
    Checking simd-adler32 v0.3.10
   Compiling icu_properties_data v2.3.0
    Checking profiling v1.0.18
   Compiling ash v0.38.0+1.3.281
    Checking unicode-width v0.2.2
    Checking utf8_iter v1.0.4
    Checking euclid v0.22.14
    Checking bit-set v0.10.0
    Checking codespan-reporting v0.13.1
    Checking kurbo v0.13.1
    Checking spirv v0.4.0+sdk-1.4.341.0
   Compiling glutin_wgl_sys v0.6.1
    Checking uuid v1.26.1
    Checking adler2 v2.0.1
   Compiling crc32fast v1.5.2
   Compiling synstructure v0.14.0
   Compiling khronos-egl v6.0.0
    Checking linebender_resource_handle v0.1.1
   Compiling version_check v0.9.5
    Checking guillotiere v0.7.0
    Checking accesskit v0.24.1
   Compiling ahash v0.8.12
   Compiling wgpu-hal v30.0.1
   Compiling unicode-general-category v1.1.0
    Checking presser v0.3.1
    Checking fearless_simd v0.4.1
    Checking unicode-segmentation v1.13.3
   Compiling bytemuck_derive v1.12.1
   Compiling thiserror-impl v2.0.20
   Compiling zerofrom-derive v0.1.8
   Compiling yoke-derive v0.8.3
   Compiling windows-implement v0.60.2
    Checking zerofrom v0.1.8
   Compiling windows-interface v0.59.3
    Checking yoke v0.8.3
   Compiling zerocopy-derive v0.8.57
    Checking bytemuck v1.25.2
   Compiling zerovec-derive v0.11.6
   Compiling displaydoc v0.2.7
    Checking naga-types v30.0.1
    Checking windows-core v0.62.2
   Compiling windows_x86_64_msvc v0.53.1
    Checking font-types v0.12.5
    Checking color v0.3.3
    Checking windows-future v0.3.2
    Checking windows-collections v0.3.2
    Checking windows-numerics v0.3.1
    Checking zerotrie v0.2.5
    Checking peniko v0.6.1
    Checking read-fonts v0.41.0
    Checking windows v0.62.2
    Checking wgpu-types v30.0.1
    Checking zerovec v0.11.8
    Checking vello_common v0.1.0
    Checking emath v0.36.2
    Checking tinystr v0.8.4
    Checking potential_utf v0.1.6
    Checking icu_collections v2.3.0
    Checking icu_locale_core v2.3.0
    Checking windows-targets v0.52.6
    Checking miniz_oxide v0.9.1
    Checking ordered-float v5.5.0
   Compiling winit v0.30.13
    Checking glow v0.17.0
    Checking renderdoc-sys v1.1.0
    Checking icu_provider v2.3.1
    Checking range-alloc v0.1.5
    Checking pin-project-lite v0.2.17
    Checking tracing-core v0.1.36
    Checking icu_properties v2.3.0
    Checking icu_normalizer v2.3.0
    Checking tracing v0.1.44
    Checking flate2 v1.1.10
    Checking windows-sys v0.52.0
    Checking vello_cpu v0.1.0
    Checking ecolor v0.36.2
    Checking idna_adapter v1.2.2
    Checking miniz_oxide v0.8.9
    Checking half v2.7.1
    Checking fdeflate v0.3.7
   Compiling wgpu-core v30.0.1
    Checking pxfm v0.1.30
    Checking dpi v0.1.2
    Checking nohash-hasher v0.2.0
    Checking self_cell v1.3.0
    Checking either v1.18.0
    Checking cursor-icon v1.2.0
    Checking epaint_default_fonts v0.36.2
    Checking smol_str v0.2.2
    Checking percent-encoding v2.3.2
   Compiling litrs v1.0.0
    Checking itertools v0.15.0
    Checking form_urlencoded v1.2.2
    Checking png v0.18.1
   Compiling document-features v0.2.12
    Checking idna v1.1.0
    Checking windows-targets v0.53.5
    Checking accesskit_consumer v0.35.0
   Compiling wgpu v30.0.1
    Checking skrifa v0.44.0
    Checking harfrust v0.12.0
    Checking error-code v3.4.0
    Checking byteorder-lite v0.1.0
    Checking clipboard-win v5.4.1
    Checking windows-sys v0.60.2
    Checking url v2.5.8
    Checking web-time v1.1.0
    Checking rustc-hash v2.1.3
    Checking webbrowser v1.2.4
    Checking type-map v0.5.1
    Checking windows-sys v0.61.2
    Checking pollster v1.0.1
    Checking moxcms v0.8.1
    Checking epaint v0.36.2
    Checking egui v0.36.2
    Checking image v0.25.10
    Checking wgpu-naga-bridge v30.0.1
    Checking arboard v3.6.1
    Checking gpu-allocator v0.28.0
    Checking accesskit_windows v0.32.1
    Checking accesskit_winit v0.32.2
    Checking egui-winit v0.36.2
    Checking wgpu-core-deps-windows-linux-android v30.0.1
    Checking egui-wgpu v0.36.2
    Checking eframe v0.36.2
    Checking verdict v0.1.0 (C:\Users\HARRY POTTER\Desktop\Proof kernel\Proof kernel)
warning: use of deprecated method `eframe::egui::CentralPanel::show_inside`: Renamed to `show`
  --> src\bin\verdict_gui.rs:28:39
   |
28 |         egui::CentralPanel::default().show_inside(ui, |ui| {
   |                                       ^^^^^^^^^^^
   |
   = note: `#[warn(deprecated)]` on by default

warning: `verdict` (bin "verdict_gui") generated 1 warning
    Finished `dev` profile [unoptimized + debuginfo] target(s) in 2m 14s
